python : C:\Users\henri\AppData\Local\Programs\Python\Python31
0\lib\site-packages\pytest_asyncio\plugin.py:208: 
PytestDeprecationWarning: The configuration option 
"asyncio_default_fixture_loop_scope" is unset.
Au caractère Ligne:1 : 1
+ python -m pytest tests/integration/ > pytest_output.txt 2>&1
+ ~~~~~~~~~~~~~~~~~~~~~~~~~~~~~~~~~~~~~~~~~~~~~~~~~~~~~~~~~~~~
    + CategoryInfo          : NotSpecified: (C:\Users\henri\. 
   ..cope" is unset.:String) [], RemoteException
    + FullyQualifiedErrorId : NativeCommandError
 
The event loop scope for asynchronous fixtures will default 
to the fixture caching scope. Future versions of 
pytest-asyncio will default the loop scope for asynchronous 
fixtures to function scope. Set the default fixture loop 
scope explicitly in order to avoid unexpected behavior in the 
future. Valid fixture loop scopes are: "function", "class", 
"module", "package", "session"

  warnings.warn(PytestDeprecationWarning(_DEFAULT_FIXTURE_LOOP
_SCOPE_UNSET))
============================= test session starts =============================
platform win32 -- Python 3.10.0, pytest-8.3.2, pluggy-1.6.0
rootdir: C:\Users\henri\Projets\ragkit_desktop
configfile: pyproject.toml
plugins: anyio-3.7.1, Faker-33.3.0, langsmith-0.3.45, asyncio-0.24.0, cov-6.0.0, mock-3.11.1
asyncio: mode=strict, default_loop_scope=None
collected 8 items

tests\integration\test_app_step10_agents_integration.py F                [ 12%]
tests\integration\test_app_step11_monitoring_integration.py F.           [ 37%]
tests\integration\test_app_step6_integration.py ..                       [ 62%]
tests\integration\test_app_step7_hybrid_integration.py .                 [ 75%]
tests\integration\test_app_step8_rerank_integration.py F                 [ 87%]
tests\integration\test_app_step9_llm_integration.py F                    [100%]

================================== FAILURES ===================================
________________ test_step10_agents_orchestrated_chat_pipeline ________________

tmp_path = WindowsPath('C:/Users/henri/AppData/Local/Temp/pytest-of-henri/pytest-83/test_step10_agents_orchestrate0')
monkeypatch = <_pytest.monkeypatch.MonkeyPatch object at 0x000002536C2366E0>

    def test_step10_agents_orchestrated_chat_pipeline(tmp_path: Path, monkeypatch) -> None:
        _setup_isolated_storage(tmp_path, monkeypatch)
    
        fake_llm = _FakeAgentLLMProvider()
        monkeypatch.setattr(chat_api, "resolve_llm_provider", lambda _cfg: fake_llm)
>       monkeypatch.setattr(chat_api.retrieval_api, "_execute_unified_search", _fake_unified_search)
E       AttributeError: module 'ragkit.desktop.api.chat' has no attribute 'retrieval_api'

tests\integration\test_app_step10_agents_integration.py:89: AttributeError
_____________ test_step11_monitoring_dashboard_feedback_and_logs ______________

tmp_path = WindowsPath('C:/Users/henri/AppData/Local/Temp/pytest-of-henri/pytest-83/test_step11_monitoring_dashboa0')
monkeypatch = <_pytest.monkeypatch.MonkeyPatch object at 0x000002536C3B3940>

    def test_step11_monitoring_dashboard_feedback_and_logs(tmp_path: Path, monkeypatch) -> None:
        _setup_isolated_storage(tmp_path, monkeypatch)
    
        fake_llm = _FakeAgentLLMProvider()
        monkeypatch.setattr(chat_api, "resolve_llm_provider", lambda _cfg: fake_llm)
>       monkeypatch.setattr(chat_api.retrieval_api, "_execute_unified_search", _fake_unified_search)
E       AttributeError: module 'ragkit.desktop.api.chat' has no attribute 'retrieval_api'

tests\integration\test_app_step11_monitoring_integration.py:18: AttributeError
_______________ test_step8_rerank_config_endpoints_and_pipeline _______________

tmp_path = WindowsPath('C:/Users/henri/AppData/Local/Temp/pytest-of-henri/pytest-83/test_step8_rerank_config_endpo0')
monkeypatch = <_pytest.monkeypatch.MonkeyPatch object at 0x000002531A9737C0>

    def test_step8_rerank_config_endpoints_and_pipeline(tmp_path: Path, monkeypatch) -> None:
        _, _, data_dir = _setup_isolated_storage(tmp_path, monkeypatch)
    
        source_dir = tmp_path / "docs"
        source_dir.mkdir(parents=True, exist_ok=True)
        (source_dir / "legal.txt").write_text(
            "Article 12 - Resiliation du contrat. Les conditions de resiliation anticipee "
            "sont definies par la clause 12 du present contrat.",
            encoding="utf-8",
        )
        (source_dir / "hr.txt").write_text(
            "Le contrat de travail est signe a la date de prise de poste.",
            encoding="utf-8",
        )
    
        fake_reranker = _FakeReranker()
>       monkeypatch.setattr(retrieval_api, "resolve_reranker", lambda _config: fake_reranker)
E       AttributeError: <module 'ragkit.desktop.api.retrieval' from 'C:\\Users\\henri\\Projets\\ragkit_desktop\\ragkit\\desktop\\api\\retrieval\\__init__.py'> has no attribute 'resolve_reranker'

tests\integration\test_app_step8_rerank_integration.py:73: AttributeError
___________________ test_step9_llm_config_and_chat_pipeline ___________________

tmp_path = WindowsPath('C:/Users/henri/AppData/Local/Temp/pytest-of-henri/pytest-83/test_step9_llm_config_and_chat0')
monkeypatch = <_pytest.monkeypatch.MonkeyPatch object at 0x000002531A9736A0>

    def test_step9_llm_config_and_chat_pipeline(tmp_path: Path, monkeypatch) -> None:
        _setup_isolated_storage(tmp_path, monkeypatch)
    
        fake_llm = _FakeLLMProvider()
        monkeypatch.setattr(llm_api, "resolve_llm_provider", lambda _cfg: fake_llm)
        monkeypatch.setattr(chat_api, "resolve_llm_provider", lambda _cfg: fake_llm)
>       monkeypatch.setattr(chat_api.retrieval_api, "_execute_unified_search", _fake_unified_search)
E       AttributeError: module 'ragkit.desktop.api.chat' has no attribute 'retrieval_api'

tests\integration\test_app_step9_llm_integration.py:74: AttributeError
============================== warnings summary ===============================
..\..\AppData\Local\Programs\Python\Python310\lib\site-packages\pydantic\_internal\_fields.py:132
  C:\Users\henri\AppData\Local\Programs\Python\Python310\lib\site-packages\pydantic\_internal\_fields.py:132: UserWarning: Field "model_id" in CacheStats has conflict with protected namespace "model_".
  
  You may be able to resolve this warning by setting `model_config['protected_namespaces'] = ()`.
    warnings.warn(

..\..\AppData\Local\Programs\Python\Python310\lib\site-packages\pypdf\_crypt_providers\_cryptography.py:32
  C:\Users\henri\AppData\Local\Programs\Python\Python310\lib\site-packages\pypdf\_crypt_providers\_cryptography.py:32: CryptographyDeprecationWarning: ARC4 has been moved to cryptography.hazmat.decrepit.ciphers.algorithms.ARC4 and will be removed from cryptography.hazmat.primitives.ciphers.algorithms in 48.0.0.
    from cryptography.hazmat.primitives.ciphers.algorithms import AES, ARC4

tests/integration/test_app_step11_monitoring_integration.py::test_step11_dashboard_health_reports_reranker_init_error
tests/integration/test_app_step6_integration.py::test_step6_end_to_end_ingestion_and_search
tests/integration/test_app_step6_integration.py::test_step6_incremental_ingestion_removes_deleted_documents
tests/integration/test_app_step7_hybrid_integration.py::test_step7_unified_search_and_hybrid_config
  C:\Users\henri\AppData\Local\Programs\Python\Python310\lib\site-packages\httpx\_client.py:690: DeprecationWarning: The 'app' shortcut is now deprecated. Use the explicit style 'transport=WSGITransport(app=...)' instead.
    warnings.warn(message, DeprecationWarning)

tests/integration/test_app_step6_integration.py::test_step6_end_to_end_ingestion_and_search
tests/integration/test_app_step7_hybrid_integration.py::test_step7_unified_search_and_hybrid_config
tests/integration/test_app_step7_hybrid_integration.py::test_step7_unified_search_and_hybrid_config
  C:\Users\henri\Projets\ragkit_desktop\ragkit\storage\base.py:469: DeprecationWarning: `search` method is deprecated and will be removed in the future. Use `query_points` instead.
    results = client.search(

-- Docs: https://docs.pytest.org/en/stable/how-to/capture-warnings.html
=========================== short test summary info ===========================
FAILED tests/integration/test_app_step10_agents_integration.py::test_step10_agents_orchestrated_chat_pipeline
FAILED tests/integration/test_app_step11_monitoring_integration.py::test_step11_monitoring_dashboard_feedback_and_logs
FAILED tests/integration/test_app_step8_rerank_integration.py::test_step8_rerank_config_endpoints_and_pipeline
FAILED tests/integration/test_app_step9_llm_integration.py::test_step9_llm_config_and_chat_pipeline
=================== 4 failed, 4 passed, 9 warnings in 7.06s ===================
